[1,2,3,4,5 chance] => 15 
[1,1,1,1,1 chance] => 5 
[1,2,3,4,5 yatzy] => 0 
[1,1,1,1,1 yatzy] => 50 
[1,2,3,4,5 ones] => 1 
[1,2,3,4,5 twos] => 2 
[1,2,3,4,5 threes] => 3 
[1,2,3,4,5 fours] => 4 
[1,2,3,4,5 fives] => 5 
[1,2,3,4,5 sixes] => 0 
[2,3,4,5,6 sixes] => 6 
[1,1,2,2,3 pair] => 4 
[1,2,3,4,5 pair] => 0 
[1,1,2,2,3 twopairs] => 6 
[1,1,1,2,3 threeofakind] => 3 
[1,1,1,1,2 fourofakind] => 4 
[1,2,3,4,5 smallstraight] => 15 
[1,2,3,4,4 smallstraight] => 0 
[2,3,4,5,6 smallstraight] => 0 
[2,3,4,5,6 largestraight] => 20 
[2,3,4,5,5 largestraight] => 0 
[1,2,3,4,5 largestraight] => 0 
[1,1,1,2,2 fullhouse] => 7 
[1,2,3,4,5 fullhouse] => 0 
[1,1,2,2,3 fullhouse] => 0 
[1,1,3,4,5 invalid] => -1 
